Sun Aug  9 09:45:24 UTC 2026
Sun Aug  9 09:53:01 UTC 2026
Sun Aug  9 09:54:01 UTC 2026
Sun Aug  9 09:55:01 UTC 2026
Sun Aug  9 09:56:01 UTC 2026
Sun Aug  9 09:57:01 UTC 2026
Sun Aug  9 09:58:01 UTC 2026
Sun Aug  9 09:59:01 UTC 2026
Sun Aug  9 10:00:01 UTC 2026
Sun Aug  9 10:01:01 UTC 2026
Sun Aug  9 15:32:01 IST 2026
Sun Aug  9 15:33:01 IST 2026
Sun Aug  9 15:34:01 IST 2026
Sun Aug  9 15:35:01 IST 2026
Sun Aug  9 15:36:01 IST 2026
Sun Aug  9 15:37:01 IST 2026
Sun Aug  9 15:38:01 IST 2026
Sun Aug  9 15:39:01 IST 2026
Sun Aug  9 15:40:01 IST 2026
Sun Aug  9 15:41:01 IST 2026
Sun Aug  9 15:42:01 IST 2026
Sun Aug  9 15:43:01 IST 2026
Sun Aug  9 15:44:01 IST 2026
Sun Aug  9 15:45:01 IST 2026
Sun Aug  9 15:45:39 IST 2026
========== Server Health Check ==========
Memory Usage: 12%
Disk Usage: 1%%
Sun Aug  9 15:46:01 IST 2026
Sun Aug  9 15:47:01 IST 2026
Sun Aug  9 15:47:48 IST 2026
Sun Aug  9 15:48:01 IST 2026
Sun Aug  9 15:48:55 IST 2026
========== Server Health Check ==========
Memory Usage: 13%
Disk Usage: 1%%
Sun Aug  9 15:49:01 IST 2026
Sun Aug  9 15:50:02 IST 2026
Sun Aug  9 15:51:01 IST 2026
Sun Aug  9 15:52:01 IST 2026
Sun Aug  9 15:53:01 IST 2026
Sun Aug  9 15:54:01 IST 2026
Sun Aug  9 15:55:01 IST 2026
Sun Aug  9 15:56:01 IST 2026
Sun Aug  9 15:57:01 IST 2026
Sun Aug  9 15:58:01 IST 2026
Sun Aug  9 15:59:01 IST 2026
Sun Aug  9 16:00:01 IST 2026
Sun Aug  9 16:01:01 IST 2026
Sun Aug  9 16:02:01 IST 2026
Sun Aug  9 16:03:01 IST 2026
Sun Aug  9 16:04:01 IST 2026
Sun Aug  9 16:05:01 IST 2026
Sun Aug  9 16:06:01 IST 2026
Sun Aug  9 16:07:01 IST 2026
Sun Aug  9 16:08:01 IST 2026
Sun Aug  9 16:09:01 IST 2026
Sun Aug  9 16:10:01 IST 2026
Sun Aug  9 16:11:01 IST 2026
Sun Aug  9 16:12:01 IST 2026
Sun Aug  9 16:13:01 IST 2026
Sun Aug  9 16:14:01 IST 2026
Sun Aug  9 16:15:01 IST 2026
Sun Aug  9 16:16:01 IST 2026
Sun Aug  9 16:17:01 IST 2026
Sun Aug  9 16:18:01 IST 2026
Sun Aug  9 16:19:01 IST 2026
============================
    SERVER ACTIVITY LOG    
============================
Sun Aug  9 16:20:01 IST 2026
----------------------------
/home/umar/Cloud-Bootcamp/Linux/Day15/Mini-Projects/mini_project_3/monitor.sh: line 10: ./server_health.sh: No such file or directory
============================
============================
    SERVER ACTIVITY LOG    
============================
Sun Aug  9 16:21:01 IST 2026
----------------------------
/home/umar/Cloud-Bootcamp/Linux/Day15/Mini-Projects/mini_project_3/monitor.sh: line 10: ./server_health.sh: No such file or directory
============================
============================
    SERVER ACTIVITY LOG    
============================
Sun Aug  9 16:22:01 IST 2026
----------------------------
/home/umar/Cloud-Bootcamp/Linux/Day15/Mini-Projects/mini_project_3/monitor.sh: line 10: ./server_health.sh: No such file or directory
============================
============================
    SERVER ACTIVITY LOG    
============================
Sun Aug  9 16:23:01 IST 2026
----------------------------
/home/umar/Cloud-Bootcamp/Linux/Day15/Mini-Projects/mini_project_3/monitor.sh: line 10: ./server_health.sh: No such file or directory
============================
============================
    SERVER ACTIVITY LOG    
============================
Sun Aug  9 16:24:01 IST 2026
----------------------------
/home/umar/Cloud-Bootcamp/Linux/Day15/Mini-Projects/mini_project_3/monitor.sh: line 10: ./server_health.sh: No such file or directory
============================
============================
    SERVER ACTIVITY LOG    
============================
Sun Aug  9 16:25:01 IST 2026
----------------------------
/home/umar/Cloud-Bootcamp/Linux/Day15/Mini-Projects/mini_project_3/monitor.sh: line 10: ./server_health.sh: No such file or directory
============================
============================
    SERVER ACTIVITY LOG    
============================
Sun Aug  9 16:26:01 IST 2026
----------------------------
/home/umar/Cloud-Bootcamp/Linux/Day15/Mini-Projects/mini_project_3/monitor.sh: line 10: ./server_health.sh: No such file or directory
============================
============================
    SERVER ACTIVITY LOG    
============================
Sun Aug  9 16:27:01 IST 2026
----------------------------
/home/umar/Cloud-Bootcamp/Linux/Day15/Mini-Projects/mini_project_3/monitor.sh: line 10: ./server_health.sh: No such file or directory
============================
============================
    SERVER ACTIVITY LOG    
============================
Sun Aug  9 16:28:01 IST 2026
----------------------------
/home/umar/Cloud-Bootcamp/Linux/Day15/Mini-Projects/mini_project_3/monitor.sh: line 10: ./server_health.sh: No such file or directory
============================
============================
    SERVER ACTIVITY LOG    
============================
Sun Aug  9 16:29:01 IST 2026
----------------------------
/home/umar/Cloud-Bootcamp/Linux/Day15/Mini-Projects/mini_project_3/monitor.sh: line 10: ./server_health.sh: No such file or directory
============================
============================
    SERVER ACTIVITY LOG    
============================
Sun Aug  9 16:30:01 IST 2026
----------------------------
/home/umar/Cloud-Bootcamp/Linux/Day15/Mini-Projects/mini_project_3/monitor.sh: line 10: ./server_health.sh: No such file or directory
============================
============================
    SERVER ACTIVITY LOG    
============================
Sun Aug  9 16:31:01 IST 2026
----------------------------
/home/umar/Cloud-Bootcamp/Linux/Day15/Mini-Projects/mini_project_3/monitor.sh: line 10: ./server_health.sh: No such file or directory
============================
============================
    SERVER ACTIVITY LOG    
============================
Sun Aug  9 16:32:01 IST 2026
----------------------------
/home/umar/Cloud-Bootcamp/Linux/Day15/Mini-Projects/mini_project_3/monitor.sh: line 10: ./server_health.sh: No such file or directory
============================
============================
    SERVER ACTIVITY LOG    
============================
Sun Aug  9 16:33:01 IST 2026
----------------------------
/home/umar/Cloud-Bootcamp/Linux/Day15/Mini-Projects/mini_project_3/monitor.sh: line 10: ./server_health.sh: No such file or directory
============================
============================
    SERVER ACTIVITY LOG    
============================
Sun Aug  9 16:34:01 IST 2026
----------------------------
/home/umar/Cloud-Bootcamp/Linux/Day15/Mini-Projects/mini_project_3/monitor.sh: line 10: ./server_health.sh: No such file or directory
============================
============================
    SERVER ACTIVITY LOG    
============================
Sun Aug  9 16:35:01 IST 2026
----------------------------
/home/umar/Cloud-Bootcamp/Linux/Day15/Mini-Projects/mini_project_3/monitor.sh: line 10: ./server_health.sh: No such file or directory
============================
============================
    SERVER ACTIVITY LOG    
============================
Sun Aug  9 16:36:01 IST 2026
----------------------------
/home/umar/Cloud-Bootcamp/Linux/Day15/Mini-Projects/mini_project_3/monitor.sh: line 10: ./server_health.sh: No such file or directory
============================
============================
    SERVER ACTIVITY LOG    
============================
Sun Aug  9 16:37:01 IST 2026
----------------------------
/home/umar/Cloud-Bootcamp/Linux/Day15/Mini-Projects/mini_project_3/monitor.sh: line 10: ./server_health.sh: No such file or directory
============================
============================
    SERVER ACTIVITY LOG    
============================
Sun Aug  9 16:38:01 IST 2026
----------------------------
Memory Usage: 12%
Disk Usage: 1%
============================
============================
    SERVER ACTIVITY LOG    
============================
Sun Aug  9 16:39:01 IST 2026
----------------------------
Memory Usage: 13%
Disk Usage: 1%
============================
============================
    SERVER ACTIVITY LOG    
============================
Sun Aug  9 16:40:01 IST 2026
----------------------------
Memory Usage: 13%
Disk Usage: 1%
============================
============================
    SERVER ACTIVITY LOG    
============================
Sun Aug  9 16:41:01 IST 2026
----------------------------
Memory Usage: 13%
Disk Usage: 1%
============================
============================
    SERVER ACTIVITY LOG    
============================
Sun Aug  9 16:42:01 IST 2026
----------------------------
Memory Usage: 13%
Disk Usage: 1%
============================
============================
    SERVER ACTIVITY LOG    
============================
Sun Aug  9 16:43:01 IST 2026
----------------------------
Memory Usage: 13%
Disk Usage: 1%
============================
============================
    SERVER ACTIVITY LOG    
============================
Sun Aug  9 16:44:01 IST 2026
----------------------------
Memory Usage: 13%
Disk Usage: 1%
============================
============================
    SERVER ACTIVITY LOG    
============================
Sun Aug  9 16:45:01 IST 2026
----------------------------
Memory Usage: 13%
Disk Usage: 1%
============================
============================
    SERVER ACTIVITY LOG    
============================
Sun Aug  9 16:46:01 IST 2026
----------------------------
Memory Usage: 13%
Disk Usage: 1%
============================
============================
    SERVER ACTIVITY LOG    
============================
Sun Aug  9 16:47:01 IST 2026
----------------------------
Memory Usage: 13%
Disk Usage: 1%
============================
============================
    SERVER ACTIVITY LOG    
============================
Sun Aug  9 16:48:01 IST 2026
----------------------------
Memory Usage: 13%
Disk Usage: 1%
============================
============================
    SERVER ACTIVITY LOG    
============================
Sun Aug  9 16:49:02 IST 2026
----------------------------
Memory Usage: 13%
Disk Usage: 1%
============================
============================
    SERVER ACTIVITY LOG    
============================
Sun Aug  9 16:50:01 IST 2026
----------------------------
Memory Usage: 13%
Disk Usage: 1%
============================
============================
    SERVER ACTIVITY LOG    
============================
Sun Aug  9 16:51:01 IST 2026
----------------------------
Memory Usage: 13%
Disk Usage: 1%
============================
============================
    SERVER ACTIVITY LOG    
============================
Sun Aug  9 16:52:01 IST 2026
----------------------------
Memory Usage: 13%
Disk Usage: 1%
============================
============================
    SERVER ACTIVITY LOG    
============================
Sun Aug  9 16:53:01 IST 2026
----------------------------
Memory Usage: 13%
Disk Usage: 1%
============================
============================
    SERVER ACTIVITY LOG    
============================
Sun Aug  9 16:54:01 IST 2026
----------------------------
Memory Usage: 13%
Disk Usage: 1%
============================
============================
    SERVER ACTIVITY LOG    
============================
Sun Aug  9 16:55:01 IST 2026
----------------------------
Memory Usage: 13%
Disk Usage: 1%
============================
============================
    SERVER ACTIVITY LOG    
============================
Sun Aug  9 16:56:01 IST 2026
----------------------------
Memory Usage: 13%
Disk Usage: 1%
============================
============================
    SERVER ACTIVITY LOG    
============================
Sun Aug  9 16:57:01 IST 2026
----------------------------
Memory Usage: 13%
Disk Usage: 1%
============================
============================
    SERVER ACTIVITY LOG    
============================
Sun Aug  9 16:58:01 IST 2026
----------------------------
Memory Usage: 13%
Disk Usage: 1%
============================
============================
    SERVER ACTIVITY LOG    
============================
Sun Aug  9 16:59:01 IST 2026
----------------------------
Memory Usage: 13%
Disk Usage: 1%
============================
============================
    SERVER ACTIVITY LOG    
============================
Sun Aug  9 17:00:01 IST 2026
----------------------------
Memory Usage: 13%
Disk Usage: 1%
============================
============================
    SERVER ACTIVITY LOG    
============================
Sun Aug  9 17:01:01 IST 2026
----------------------------
Memory Usage: 13%
Disk Usage: 1%
============================
============================
    SERVER ACTIVITY LOG    
============================
Sun Aug  9 17:02:01 IST 2026
----------------------------
Memory Usage: 13%
Disk Usage: 1%
============================
============================
    SERVER ACTIVITY LOG    
============================
Sun Aug  9 17:03:01 IST 2026
----------------------------
Memory Usage: 13%
Disk Usage: 1%
============================
============================
    SERVER ACTIVITY LOG    
============================
Sun Aug  9 17:04:01 IST 2026
----------------------------
Memory Usage: 13%
Disk Usage: 1%
============================
============================
    SERVER ACTIVITY LOG    
============================
Sun Aug  9 17:05:01 IST 2026
----------------------------
Memory Usage: 13%
Disk Usage: 1%
============================
============================
    SERVER ACTIVITY LOG    
============================
Sun Aug  9 17:06:01 IST 2026
----------------------------
Memory Usage: 13%
Disk Usage: 1%
============================
============================
    SERVER ACTIVITY LOG    
============================
Sun Aug  9 17:07:01 IST 2026
----------------------------
Memory Usage: 13%
Disk Usage: 1%
============================
============================
    SERVER ACTIVITY LOG    
============================
Sun Aug  9 17:08:01 IST 2026
----------------------------
Memory Usage: 13%
Disk Usage: 1%
============================
